File "tests/parsing/smtlib/mcil/errors/258_check-system_bad_query.mcil", line 1, character 28-29:
1 | (check-system sys :queries (a))
                                ^
Error while parsing a check-system query, read the symbol 'a',
      but expected a query of the form (query_name (reachable_var1 ...
      reachable_varN)).
