File "tests/typing/pass/ae/triggers/triggers_1.ae", line 6, character 25-26:
6 | goal g2: forall x:int [P(x)]{f(x)>f(2)}. P(x) -> R(x)
                             ^
Warning Exception while typing attribute:
        Dolmen_type.Thf.Make(Tag)(Ty)(T).Typing_error(_)
File "tests/typing/pass/ae/triggers/triggers_1.ae", line 6, character 31-32:
6 | goal g2: forall x:int [P(x)]{f(x)>f(2)}. P(x) -> R(x)
                                   ^
Warning Exception while typing attribute:
        Dolmen_type.Thf.Make(Tag)(Ty)(T).Typing_error(_)
File "tests/typing/pass/ae/triggers/triggers_1.ae", line 6, character 25-26:
6 | goal g2: forall x:int [P(x)]{f(x)>f(2)}. P(x) -> R(x)
                             ^
Warning Exception while typing attribute:
        Dolmen_type.Thf.Make(Tag)(Ty)(T).Typing_error(_)
File "tests/typing/pass/ae/triggers/triggers_1.ae", line 6, character 31-32:
6 | goal g2: forall x:int [P(x)]{f(x)>f(2)}. P(x) -> R(x)
                                   ^
Warning Exception while typing attribute:
        Dolmen_type.Thf.Make(Tag)(Ty)(T).Typing_error(_)
