File "tests/typing/errors/poly/test-par-datatype.psmt2", line 10, character 38-67:
10 | (assert (par (a) (forall ((x a)) (not (= (cons x nil) (cons 1 nil))))))
                                           ^^^^^^^^^^^^^^^^^^^^^^^^^^^^^
Error The term: `cons int 1 (nil int)` has type `list(int)`
      but was expected to be of type `list(a)`
