File "tests/parsing/smtlib/poly/errors/016_sorted_var_bad_sort_2.psmt2", line 2, character 20-21:
Error while parsing a sorted variable, read the reserved word '!',
      but expected a sort, i.e. either an identifier, or a sort constructor
      application; note that keywords and reserved words (such as '_', 'as',
      ...) are not identifiers, and thus are not allowed here.
