File "tests/parsing/smtlib/poly/errors/028_pattern_bad_argument_1.psmt2", line 3, character 46-47:
Error while parsing arguments of a constructor in a pattern,
      read the reserved word '_',
      but expected a closing parenthesis, or a symbol to bind the argument;
      note that keywords and reserved words (such as '_', 'as', ...) are not
      symbols, and thus are not allowed here.
