File "tests/parsing/smtlib/poly/errors/035_match_case_bad_pattern_2.psmt2", line 3, character 41-43:
Error while parsing a match case, read the reserved word 'as',
      but expected a pattern, i.e. either a symbol or a datatype pattern of
      the form "(symbol symbol+)"; note that keywords and reserved words
      (such as '_', 'as', ...) are not symbols, and thus are not allowed
      here.
