File "tests/parsing/smtlib/poly/errors/042_term_surprise_str_1.psmt2", line 2, character 13-14:
Error while parsing a term, read the string 'bla',
      but expected a term construction (identifier, let binding,
      quantification, ...); note that this expectation if caused by the
      preceding opening parenthesis.
