File "tests/parsing/smtlib/poly/errors/113_set-option_unclosed_1.psmt2", line 1, character 17-21:
Error while parsing a set-option command, read the keyword ':bar',
      but expected a closing parenthesis, or an attribute value; note that
      keywords and reserved words (such as '_', 'as', ...) are not valid
      attribute values, and thus are not allowed here.
