File "tests/typing/warnings/dumb_poly/test.smt2", line 23, character 26-29:
23 | (define-const b1 Int (id_ id_ 5))
                               ^^^
Fatal Warning This term has type
                _ ~~> _
              which contains the following free variable
                `_`, the 1st implicit type argument to provide to the
                     polymorphic application at line 23, character 26-29
              This is not allowed because the SMT-LIB enforces seriously
              limiting constraints on type inference, which are particularly
              surprising and annoying in the context of polymorphism and
              higher-order.
