File "tests/typing/warnings/dumb_poly/test.smt2", line 23, character 26-29:
23 | (define-const b1 Int (id_ id_ 5))
                               ^^^
Warning This term has type
          _ ~~> _
        which contains the following free variable
          `_`, the 1st implicit type argument to provide to the polymorphic
               application at line 23, character 26-29
        This is not allowed because the SMT-LIB enforces seriously limiting
        constraints on type inference, which are particularly surprising and
        annoying in the context of polymorphism and higher-order.
File "tests/typing/warnings/dumb_poly/test.smt2", line 24, character 28-31:
24 | (define-const b2 Int (@ id_ id_ 5))
                                 ^^^
Warning This term has type
          _ ~~> _
        which contains the following free variable
          `_`, the 1st implicit type argument to provide to the polymorphic
               application at line 24, character 28-31
        This is not allowed because the SMT-LIB enforces seriously limiting
        constraints on type inference, which are particularly surprising and
        annoying in the context of polymorphism and higher-order.
File "tests/typing/warnings/dumb_poly/test.smt2", line 27, character 29-32:
27 | (define-const c1 Int (@ (id_ id_) 5))
                                  ^^^
Warning This term has type
          _ ~~> _
        which contains the following free variable
          `_`, the 1st implicit type argument to provide to the polymorphic
               application at line 27, character 29-32
        This is not allowed because the SMT-LIB enforces seriously limiting
        constraints on type inference, which are particularly surprising and
        annoying in the context of polymorphism and higher-order.
File "tests/typing/warnings/dumb_poly/test.smt2", line 27, character 24-33:
27 | (define-const c1 Int (@ (id_ id_) 5))
                             ^^^^^^^^^
Warning This term has type
          _ ~~> _
        which contains the following free variable
          `_`, the 1st implicit type argument to provide to the polymorphic
               application at line 27, character 29-32
        This is not allowed because the SMT-LIB enforces seriously limiting
        constraints on type inference, which are particularly surprising and
        annoying in the context of polymorphism and higher-order.
File "tests/typing/warnings/dumb_poly/test.smt2", line 42, character 35-44:
42 | (define-const p4 (Pair Int Int) (@ (pair 13) 42))
                                        ^^^^^^^^^
Warning This term has type
          _ ~~> ( Pair(int, _) )
        which contains the following free variable
          `_`, the 1st implicit type argument to provide to the polymorphic
               application at line 42, character 36-40
        This is not allowed because the SMT-LIB enforces seriously limiting
        constraints on type inference, which are particularly surprising and
        annoying in the context of polymorphism and higher-order.
