File "tests/typing/error-arith_linear/test.smt2", line 4, character 13-20:
Error Non-linear expressions are forbidden by the logic.
      Hint: multiplication in strict linear arithmetic expects an integer or
        rational literal and a symbol (variable or constant) but was given:
        - a symbol (or quantified variable)
        - a symbol (or quantified variable)
