File "tests/print/smtlib/poly/unit_and_dec.ae", line 5, character 4-42:
5 | type fpa_rounding_mode = NearestTiesToEven
        ^^^^^^^^^^^^^^^^^^^^^^^^^^^^^^^^^^^^^^
Warning Shadowing: `fpa_rounding_mode` is already defined by a builtin theory
File "tests/print/smtlib/poly/unit_and_dec.ae", line 5, character 4-42:
5 | type fpa_rounding_mode = NearestTiesToEven
        ^^^^^^^^^^^^^^^^^^^^^^^^^^^^^^^^^^^^^^
Warning Shadowing: `NearestTiesToEven` is already defined by a builtin theory
File "tests/print/smtlib/poly/unit_and_dec.ae", line 6, character 0-31:
6 | logic real_of_int : int -> real
    ^^^^^^^^^^^^^^^^^^^^^^^^^^^^^^^
Warning Shadowing: `real_of_int` is already defined by a builtin theory
File "tests/print/smtlib/poly/unit_and_dec.ae", line 998, character 0-34:
998 | logic rotate_right : t1, int -> t1
      ^^^^^^^^^^^^^^^^^^^^^^^^^^^^^^^^^^
Warning Shadowing: `rotate_right` is already defined by a builtin theory
File "tests/print/smtlib/poly/unit_and_dec.ae", line 1004, character 0-33:
1004 | logic rotate_left : t1, int -> t1
       ^^^^^^^^^^^^^^^^^^^^^^^^^^^^^^^^^
Warning Shadowing: `rotate_left` is already defined by a builtin theory
(set-logic UFDTNIRA)
(declare-datatype unit ((void)))
(declare-datatype fpa_rounding_mode ((NearestTiesToEven)))
(declare-fun real_of_int (Int) Real)
(declare-fun abs_real (Real) Real)
(declare-fun float32 (fpa_rounding_mode Real) Real)
(declare-const fp32_max_int Int)
(declare-const fp64_max_int Int)
(declare-fun comp_div (Int Int) Int)
(assert (forall ((x Int) (y Int))
         (=> (and (>= x 0) (> y 0)) (= (comp_div x y) (div x y)))))
(declare-fun comp_mod (Int Int) Int)
(assert (forall ((x Int) (y Int))
         (=> (and (>= x 0) (> y 0)) (= (comp_mod x y) (mod x y)))))
(declare-fun match_bool (par (|'a|) (Bool |'a| |'a|) |'a|))
(declare-const abstr Bool)
(assert abstr)
(declare-const abstr1 Bool)
(assert abstr1)
(declare-fun match_bool1 (par (|'a|) (Bool |'a| |'a|) |'a|))
(declare-const abstr2 Bool)
(assert abstr2)
(declare-const abstr3 Bool)
(assert abstr3)
(declare-fun match_bool2 (par (|'a|) (Bool |'a| |'a|) |'a|))
(declare-const abstr4 Bool)
(assert abstr4)
(declare-const abstr5 Bool)
(assert abstr5)
(declare-const abstr6 Bool)
(assert abstr6)
(declare-const abstr7 Bool)
(assert abstr7)
(declare-const abstr8 Bool)
(assert abstr8)
(declare-const abstr9 Bool)
(assert abstr9)
(declare-const abstr10 Bool)
(assert abstr10)
(declare-const abstr11 Bool)
(assert abstr11)
(declare-const abstr12 Bool)
(assert abstr12)
(declare-const abstr13 Bool)
(assert abstr13)
(declare-const abstr14 Bool)
(assert abstr14)
(declare-const abstr15 Bool)
(assert abstr15)
(declare-const abstr16 Bool)
(assert abstr16)
(declare-const abstr17 Bool)
(assert abstr17)
(declare-const abstr18 Bool)
(assert abstr18)
(declare-const abstr19 Bool)
(assert abstr19)
(declare-const abstr20 Bool)
(assert abstr20)
(declare-const abstr21 Bool)
(assert abstr21)
(declare-const abstr22 Bool)
(assert abstr22)
(declare-const abstr23 Bool)
(assert abstr23)
(declare-fun cos (Real) Real)
(declare-fun sin (Real) Real)
(declare-const abstr24 Bool)
(assert abstr24)
(declare-const abstr25 Bool)
(assert abstr25)
(declare-const abstr26 Bool)
(assert abstr26)
(declare-const abstr27 Real)
(assert (= abstr27 1.0))
(declare-const abstr28 Real)
(assert (= abstr28 0.0))
(declare-const pi Real)
(assert (< (/ 884279719003555 281474976710656) pi))
(assert (< pi (/ 7074237752028441 2251799813685248)))
(declare-const abstr29 Real)
(assert (= abstr29 (- 1.0)))
(declare-const abstr30 Real)
(assert (= abstr30 0.0))
(declare-const abstr31 Real)
(assert (= abstr31 0.0))
(declare-const abstr32 Real)
(assert (= abstr32 1.0))
(declare-const abstr33 Bool)
(assert abstr33)
(declare-const abstr34 Bool)
(assert abstr34)
(declare-const abstr35 Bool)
(assert abstr35)
(declare-const abstr36 Bool)
(assert abstr36)
(declare-const abstr37 Bool)
(assert abstr37)
(declare-const abstr38 Bool)
(assert abstr38)
(declare-const abstr39 Bool)
(assert abstr39)
(declare-const abstr40 Bool)
(assert abstr40)
(declare-fun atan (Real) Real)
(declare-const abstr41 Bool)
(assert abstr41)
(declare-fun match_mode (par (|'a|) (fpa_rounding_mode |'a| |'a| |'a| |'a|
  |'a|) |'a|))
(declare-const abstr42 Bool)
(assert abstr42)
(declare-const abstr43 Bool)
(assert abstr43)
(declare-const abstr44 Bool)
(assert abstr44)
(declare-const abstr45 Bool)
(assert abstr45)
(declare-const abstr46 Bool)
(assert abstr46)
(declare-fun match_mode1 (par (|'a|) (fpa_rounding_mode |'a| |'a| |'a| |'a|
  |'a|) |'a|))
(declare-const abstr47 Bool)
(assert abstr47)
(declare-const abstr48 Bool)
(assert abstr48)
(declare-const abstr49 Bool)
(assert abstr49)
(declare-const abstr50 Bool)
(assert abstr50)
(declare-const abstr51 Bool)
(assert abstr51)
(declare-fun match_mode2 (par (|'a|) (fpa_rounding_mode |'a| |'a| |'a| |'a|
  |'a|) |'a|))
(declare-const abstr52 Bool)
(assert abstr52)
(declare-const abstr53 Bool)
(assert abstr53)
(declare-const abstr54 Bool)
(assert abstr54)
(declare-const abstr55 Bool)
(assert abstr55)
(declare-const abstr56 Bool)
(assert abstr56)
(declare-sort t 0)
(declare-fun truncate (Real) Int)
(declare-const abstr57 Bool)
(assert abstr57)
(declare-const abstr58 Bool)
(assert abstr58)
(declare-const abstr59 Bool)
(assert abstr59)
(declare-const abstr60 Bool)
(assert abstr60)
(declare-const abstr61 Bool)
(assert abstr61)
(declare-const abstr62 Bool)
(assert abstr62)
(declare-const abstr63 Bool)
(assert abstr63)
(declare-const abstr64 Bool)
(assert abstr64)
(declare-const abstr65 Bool)
(assert abstr65)
(declare-const abstr66 Bool)
(assert abstr66)
(declare-const abstr67 Bool)
(assert abstr67)
(declare-const abstr68 Bool)
(assert abstr68)
(declare-const abstr69 Bool)
(assert abstr69)
(declare-const eb Int)
(declare-const sb Int)
(assert (< 1 eb))
(assert (< 1 sb))
(declare-const zeroF t)
(declare-const half t)
(declare-fun from_binary (Int) t)
(declare-fun prefix_ex (fpa_rounding_mode Real) t)
(declare-fun abs (t) t)
(declare-fun neg (t) t)
(declare-fun add (fpa_rounding_mode t t) t)
(declare-fun sub (fpa_rounding_mode t t) t)
(declare-fun mul (fpa_rounding_mode t t) t)
(declare-fun div (fpa_rounding_mode t t) t)
(declare-fun fma (fpa_rounding_mode t t t) t)
(declare-fun sqrt (fpa_rounding_mode t) t)
(declare-fun rem (t t) t)
(declare-fun roundToIntegral (fpa_rounding_mode t) t)
(declare-fun min (t t) t)
(declare-fun max (t t) t)
(declare-fun le (t t) Bool)
(declare-fun lt (t t) Bool)
(declare-fun eq (t t) Bool)
(declare-fun is_normal (t) Bool)
(declare-fun is_subnormal (t) Bool)
(declare-fun is_zero (t) Bool)
(declare-fun is_infinite (t) Bool)
(declare-fun is_nan (t) Bool)
(declare-fun is_positive (t) Bool)
(declare-fun is_negative (t) Bool)
(declare-fun is_finite (t) Bool)
(declare-const abstr70 Bool)
(assert abstr70)
(declare-const abstr71 Bool)
(assert abstr71)
(declare-fun to_real (t) Real)
(declare-const abstr72 Bool)
(assert abstr72)
(declare-const abstr73 Bool)
(assert abstr73)
(declare-const abstr74 Real)
(assert (= abstr74 0.5))
(declare-const abstr75 Bool)
(assert abstr75)
(declare-fun of_int (fpa_rounding_mode Int) t)
(declare-fun to_int (fpa_rounding_mode t) Int)
(declare-const abstr76 Bool)
(assert abstr76)
(assert (= (/ 340282346638528859811704183484516925440 1)
         (real_of_int fp32_max_int)))
(declare-const abstr77 Bool)
(assert abstr77)
(declare-const abstr78 Bool)
(assert abstr78)
(declare-const abstr79 Bool)
(assert abstr79)
(declare-const abstr80 Bool)
(assert abstr80)
(declare-const abstr81 Bool)
(assert abstr81)
(declare-const abstr82 Bool)
(assert abstr82)
(declare-const abstr83 Bool)
(assert abstr83)
(declare-const abstr84 Bool)
(assert abstr84)
(declare-const abstr85 Bool)
(assert abstr85)
(declare-const abstr86 Bool)
(assert abstr86)
(declare-const abstr87 Bool)
(assert abstr87)
(declare-const abstr88 Bool)
(assert abstr88)
(declare-const abstr89 Bool)
(assert abstr89)
(declare-const abstr90 Bool)
(assert abstr90)
(declare-const abstr91 Bool)
(assert abstr91)
(declare-const abstr92 Bool)
(assert abstr92)
(declare-const abstr93 Bool)
(assert abstr93)
(declare-const abstr94 Real)
(declare-const abstr95 Bool)
(assert (=> abstr95
         (<= (- (/ 340282346638528859811704183484516925440 1)) abstr94)))
(assert (=> abstr95
         (<= abstr94 (/ 340282346638528859811704183484516925440 1))))
(declare-const abstr96 Bool)
(assert abstr96)
(declare-const abstr97 Bool)
(assert abstr97)
(declare-const abstr98 Bool)
(assert abstr98)
(declare-const abstr99 Bool)
(assert abstr99)
(declare-const abstr100 Bool)
(assert abstr100)
(declare-const abstr101 Bool)
(assert abstr101)
(declare-const abstr102 Bool)
(assert abstr102)
(declare-const abstr103 Bool)
(assert abstr103)
(declare-const abstr104 Bool)
(assert abstr104)
(declare-const abstr105 Bool)
(assert abstr105)
(declare-const abstr106 Bool)
(assert abstr106)
(declare-const abstr107 Bool)
(assert abstr107)
(declare-const abstr108 Bool)
(assert abstr108)
(declare-const abstr109 Bool)
(assert abstr109)
(declare-const abstr110 Bool)
(assert abstr110)
(declare-const abstr111 Bool)
(assert abstr111)
(declare-const abstr112 Bool)
(assert abstr112)
(declare-const abstr113 Bool)
(assert abstr113)
(declare-const abstr114 Bool)
(assert abstr114)
(declare-const abstr115 Bool)
(assert abstr115)
(declare-const abstr116 Bool)
(assert abstr116)
(declare-const abstr117 Bool)
(assert abstr117)
(declare-const abstr118 Bool)
(assert abstr118)
(declare-const abstr119 Bool)
(assert abstr119)
(declare-const abstr120 Bool)
(assert abstr120)
(declare-const abstr121 Bool)
(assert abstr121)
(declare-const abstr122 Bool)
(assert abstr122)
(declare-const abstr123 Bool)
(assert abstr123)
(declare-const abstr124 Bool)
(assert abstr124)
(declare-const abstr125 Bool)
(assert abstr125)
(declare-const abstr126 Bool)
(assert abstr126)
(declare-const abstr127 Bool)
(assert abstr127)
(declare-const abstr128 Bool)
(assert abstr128)
(declare-const abstr129 Bool)
(assert abstr129)
(declare-const abstr130 Bool)
(assert abstr130)
(declare-const abstr131 Bool)
(assert abstr131)
(declare-const abstr132 Bool)
(assert abstr132)
(declare-const abstr133 Bool)
(assert abstr133)
(declare-const abstr134 Bool)
(assert abstr134)
(declare-const abstr135 Bool)
(assert abstr135)
(declare-const abstr136 Bool)
(assert abstr136)
(declare-const abstr137 Bool)
(assert abstr137)
(declare-const abstr138 Bool)
(assert abstr138)
(declare-const abstr139 Bool)
(assert abstr139)
(declare-const abstr140 Bool)
(assert abstr140)
(declare-const abstr141 Bool)
(assert abstr141)
(declare-const abstr142 Bool)
(assert abstr142)
(declare-const abstr143 Bool)
(assert abstr143)
(declare-const abstr144 Bool)
(assert abstr144)
(declare-const abstr145 Bool)
(assert abstr145)
(declare-const abstr146 Bool)
(assert abstr146)
(declare-const abstr147 Bool)
(assert abstr147)
(declare-const abstr148 Bool)
(assert abstr148)
(declare-const abstr149 Bool)
(assert abstr149)
(declare-const abstr150 Bool)
(assert abstr150)
(declare-const abstr151 Bool)
(assert abstr151)
(declare-const abstr152 Bool)
(assert abstr152)
(declare-fun is_int (t) Bool)
(declare-const abstr153 Bool)
(assert abstr153)
(declare-const abstr154 Bool)
(assert abstr154)
(declare-const abstr155 Bool)
(assert abstr155)
(declare-const abstr156 Bool)
(assert abstr156)
(declare-const abstr157 Bool)
(assert abstr157)
(declare-const abstr158 Bool)
(assert abstr158)
(declare-const abstr159 Bool)
(assert abstr159)
(declare-const abstr160 Bool)
(assert abstr160)
(declare-const abstr161 Bool)
(assert abstr161)
(declare-const abstr162 Bool)
(assert abstr162)
(declare-const abstr163 Bool)
(assert abstr163)
(declare-const abstr164 Bool)
(assert abstr164)
(declare-const abstr165 Bool)
(assert abstr165)
(declare-const abstr166 Bool)
(assert abstr166)
(declare-const abstr167 Bool)
(assert abstr167)
(declare-const abstr168 Bool)
(assert abstr168)
(declare-const abstr169 Bool)
(assert abstr169)
(declare-const abstr170 Bool)
(assert abstr170)
(declare-const abstr171 Bool)
(assert abstr171)
(declare-const abstr172 Bool)
(assert abstr172)
(declare-const abstr173 Bool)
(assert abstr173)
(declare-const abstr174 Bool)
(assert abstr174)
(declare-const abstr175 Bool)
(assert abstr175)
(declare-const abstr176 Bool)
(assert abstr176)
(declare-const abstr177 Bool)
(assert abstr177)
(declare-const abstr178 Bool)
(assert abstr178)
(declare-const abstr179 Bool)
(assert abstr179)
(declare-const abstr180 Bool)
(assert abstr180)
(declare-const abstr181 Bool)
(assert abstr181)
(declare-const abstr182 Bool)
(assert abstr182)
(declare-const abstr183 Bool)
(assert abstr183)
(declare-sort t1 0)
(declare-fun nth (t1 Int) Bool)
(declare-const abstr184 Bool)
(assert abstr184)
(declare-const zeros t1)
(declare-const abstr185 Bool)
(assert abstr185)
(declare-const ones t1)
(declare-const abstr186 Bool)
(assert abstr186)
(declare-fun bw_and (t1 t1) t1)
(declare-const abstr187 Bool)
(assert abstr187)
(declare-fun bw_or (t1 t1) t1)
(declare-const abstr188 Bool)
(assert abstr188)
(declare-fun bw_xor (t1 t1) t1)
(declare-const abstr189 Bool)
(assert abstr189)
(declare-fun bw_not (t1) t1)
(declare-const abstr190 Bool)
(assert abstr190)
(declare-fun lsr (t1 Int) t1)
(declare-const abstr191 Bool)
(assert abstr191)
(declare-const abstr192 Bool)
(assert abstr192)
(declare-const abstr193 Bool)
(assert abstr193)
(declare-fun asr (t1 Int) t1)
(declare-const abstr194 Bool)
(assert abstr194)
(declare-const abstr195 Bool)
(assert abstr195)
(declare-const abstr196 Bool)
(assert abstr196)
(declare-fun lsl (t1 Int) t1)
(declare-const abstr197 Bool)
(assert abstr197)
(declare-const abstr198 Bool)
(assert abstr198)
(declare-const abstr199 Bool)
(assert abstr199)
(declare-const abstr200 Bool)
(assert abstr200)
(declare-const abstr201 Bool)
(assert abstr201)
(declare-const abstr202 Bool)
(assert abstr202)
(declare-const abstr203 Bool)
(assert abstr203)
(declare-const abstr204 Bool)
(assert abstr204)
(declare-const abstr205 Bool)
(assert abstr205)
(declare-const abstr206 Bool)
(assert abstr206)
(declare-const abstr207 Bool)
(assert abstr207)
(declare-const abstr208 Bool)
(assert abstr208)
(declare-const abstr209 Bool)
(assert abstr209)
(declare-const abstr210 Bool)
(assert abstr210)
(declare-const abstr211 Bool)
(assert abstr211)
(declare-const abstr212 Bool)
(assert abstr212)
(declare-const abstr213 Bool)
(assert abstr213)
(declare-const abstr214 Bool)
(assert abstr214)
(declare-fun rotate_right (t1 Int) t1)
(declare-const abstr215 Bool)
(assert abstr215)
(declare-fun rotate_left (t1 Int) t1)
(declare-const abstr216 Bool)
(assert abstr216)
(declare-fun pow2 (Int) Int)
(declare-const abstr217 Int)
(assert (= abstr217 1))
(declare-const abstr218 Bool)
(assert abstr218)
(declare-const abstr219 Int)
(assert (= abstr219 2))
(declare-const abstr220 Bool)
(assert abstr220)
(declare-const abstr221 Bool)
(assert abstr221)
(assert (= abstr217 1))
(assert (= abstr219 2))
(declare-const abstr222 Int)
(assert (= abstr222 4))
(declare-const abstr223 Int)
(assert (= abstr223 8))
(declare-const abstr224 Int)
(assert (= abstr224 16))
(declare-const abstr225 Int)
(assert (= abstr225 32))
(declare-const abstr226 Int)
(assert (= abstr226 64))
(declare-const abstr227 Int)
(assert (= abstr227 128))
(declare-const abstr228 Int)
(assert (= abstr228 256))
(declare-const abstr229 Int)
(assert (= abstr229 512))
(declare-const abstr230 Int)
(assert (= abstr230 1024))
(declare-const abstr231 Int)
(assert (= abstr231 2048))
(declare-const abstr232 Int)
(assert (= abstr232 4096))
(declare-const abstr233 Int)
(assert (= abstr233 8192))
(declare-const abstr234 Int)
(assert (= abstr234 16384))
(declare-const abstr235 Int)
(assert (= abstr235 32768))
(declare-const abstr236 Int)
(assert (= abstr236 65536))
(declare-const abstr237 Int)
(assert (= abstr237 131072))
(declare-const abstr238 Int)
(assert (= abstr238 262144))
(declare-const abstr239 Int)
(assert (= abstr239 524288))
(declare-const abstr240 Int)
(assert (= abstr240 1048576))
(declare-const abstr241 Int)
(assert (= abstr241 2097152))
(declare-const abstr242 Int)
(assert (= abstr242 4194304))
(declare-const abstr243 Int)
(assert (= abstr243 8388608))
(declare-const abstr244 Int)
(assert (= abstr244 16777216))
(declare-const abstr245 Int)
(assert (= abstr245 33554432))
(declare-const abstr246 Int)
(assert (= abstr246 67108864))
(declare-const abstr247 Int)
(assert (= abstr247 134217728))
(declare-const abstr248 Int)
(assert (= abstr248 268435456))
(declare-const abstr249 Int)
(assert (= abstr249 536870912))
(declare-const abstr250 Int)
(assert (= abstr250 1073741824))
(declare-const abstr251 Int)
(assert (= abstr251 2147483648))
(declare-const abstr252 Int)
(assert (= abstr252 4294967296))
(declare-const abstr253 Int)
(assert (= abstr253 8589934592))
(declare-const abstr254 Int)
(assert (= abstr254 17179869184))
(declare-const abstr255 Int)
(assert (= abstr255 34359738368))
(declare-const abstr256 Int)
(assert (= abstr256 68719476736))
(declare-const abstr257 Int)
(assert (= abstr257 137438953472))
(declare-const abstr258 Int)
(assert (= abstr258 274877906944))
(declare-const abstr259 Int)
(assert (= abstr259 549755813888))
(declare-const abstr260 Int)
(assert (= abstr260 1099511627776))
(declare-const abstr261 Int)
(assert (= abstr261 2199023255552))
(declare-const abstr262 Int)
(assert (= abstr262 4398046511104))
(declare-const abstr263 Int)
(assert (= abstr263 8796093022208))
(declare-const abstr264 Int)
(assert (= abstr264 17592186044416))
(declare-const abstr265 Int)
(assert (= abstr265 35184372088832))
(declare-const abstr266 Int)
(assert (= abstr266 70368744177664))
(declare-const abstr267 Int)
(assert (= abstr267 140737488355328))
(declare-const abstr268 Int)
(assert (= abstr268 281474976710656))
(declare-const abstr269 Int)
(assert (= abstr269 562949953421312))
(declare-const abstr270 Int)
(assert (= abstr270 1125899906842624))
(declare-const abstr271 Int)
(assert (= abstr271 2251799813685248))
(declare-const abstr272 Int)
(assert (= abstr272 4503599627370496))
(declare-const abstr273 Int)
(assert (= abstr273 9007199254740992))
(declare-const abstr274 Int)
(assert (= abstr274 18014398509481984))
(declare-const abstr275 Int)
(assert (= abstr275 36028797018963968))
(declare-const abstr276 Int)
(assert (= abstr276 72057594037927936))
(declare-const abstr277 Int)
(assert (= abstr277 144115188075855872))
(declare-const abstr278 Int)
(assert (= abstr278 288230376151711744))
(declare-const abstr279 Int)
(assert (= abstr279 576460752303423488))
(declare-const abstr280 Int)
(assert (= abstr280 1152921504606846976))
(declare-const abstr281 Int)
(assert (= abstr281 2305843009213693952))
(declare-const abstr282 Int)
(assert (= abstr282 4611686018427387904))
(declare-const abstr283 Int)
(assert (= abstr283 9223372036854775808))
(declare-const abstr284 Int)
(assert (= abstr284 18446744073709551616))
(declare-fun to_int1 (t1) Int)
(declare-fun to_uint (t1) Int)
(declare-fun of_int1 (Int) t1)
(declare-const abstr285 Bool)
(assert abstr285)
(declare-const abstr286 Bool)
(assert abstr286)
(declare-const abstr287 Bool)
(assert abstr287)
(declare-const abstr288 Bool)
(assert abstr288)
(declare-const abstr289 t1)
(assert (= zeros abstr289))
(declare-const abstr290 t1)
(assert (= ones abstr290))
(declare-fun add1 (t1 t1) t1)
(declare-const abstr291 Bool)
(assert abstr291)
(declare-fun sub1 (t1 t1) t1)
(declare-const abstr292 Bool)
(assert abstr292)
(declare-fun neg1 (t1) t1)
(declare-const abstr293 Bool)
(assert abstr293)
(declare-fun mul1 (t1 t1) t1)
(declare-const abstr294 Bool)
(assert abstr294)
(declare-fun udiv (t1 t1) t1)
(declare-const abstr295 Bool)
(assert abstr295)
(declare-fun urem (t1 t1) t1)
(declare-const abstr296 Bool)
(assert abstr296)
(declare-fun lsr_bv (t1 t1) t1)
(declare-const abstr297 Bool)
(assert abstr297)
(declare-const abstr298 Bool)
(assert abstr298)
(declare-fun asr_bv (t1 t1) t1)
(declare-const abstr299 Bool)
(assert abstr299)
(declare-fun lsl_bv (t1 t1) t1)
(declare-const abstr300 Bool)
(assert abstr300)
(declare-const abstr301 Bool)
(assert abstr301)
(declare-fun rotate_right_bv (t1 t1) t1)
(declare-fun rotate_left_bv (t1 t1) t1)
(declare-const abstr302 Bool)
(assert abstr302)
(declare-const abstr303 Bool)
(assert abstr303)
(declare-fun nth_bv (t1 t1) Bool)
(declare-const abstr304 Bool)
(assert abstr304)
(declare-const abstr305 Bool)
(assert abstr305)
(declare-fun eq_sub_bv (t1 t1 t1 t1) Bool)
(declare-const abstr306 Bool)
(assert abstr306)
(declare-const abstr307 Bool)
(assert abstr307)
(declare-sort t2 0)
(declare-const eb1 Int)
(declare-const sb1 Int)
(assert (< 1 eb1))
(assert (< 1 sb1))
(declare-const zeroF1 t2)
(declare-const half1 t2)
(declare-fun from_binary1 (Int) t2)
(declare-fun prefix_ex1 (fpa_rounding_mode Real) t2)
(declare-fun abs1 (t2) t2)
(declare-fun neg2 (t2) t2)
(declare-fun add2 (fpa_rounding_mode t2 t2) t2)
(declare-fun sub2 (fpa_rounding_mode t2 t2) t2)
(declare-fun mul2 (fpa_rounding_mode t2 t2) t2)
(declare-fun div1 (fpa_rounding_mode t2 t2) t2)
(declare-fun fma1 (fpa_rounding_mode t2 t2 t2) t2)
(declare-fun sqrt1 (fpa_rounding_mode t2) t2)
(declare-fun rem1 (t2 t2) t2)
(declare-fun roundToIntegral1 (fpa_rounding_mode t2) t2)
(declare-fun min1 (t2 t2) t2)
(declare-fun max1 (t2 t2) t2)
(declare-fun le1 (t2 t2) Bool)
(declare-fun lt1 (t2 t2) Bool)
(declare-fun eq1 (t2 t2) Bool)
(declare-fun is_normal1 (t2) Bool)
(declare-fun is_subnormal1 (t2) Bool)
(declare-fun is_zero1 (t2) Bool)
(declare-fun is_infinite1 (t2) Bool)
(declare-fun is_nan1 (t2) Bool)
(declare-fun is_positive1 (t2) Bool)
(declare-fun is_negative1 (t2) Bool)
(declare-fun is_finite2 (t2) Bool)
(declare-const abstr308 Bool)
(assert abstr308)
(declare-const abstr309 Bool)
(assert abstr309)
(declare-fun to_real1 (t2) Real)
(declare-const abstr310 Bool)
(assert abstr310)
(declare-const abstr311 Bool)
(assert abstr311)
(declare-const abstr312 Real)
(assert (= abstr312 0.5))
(declare-const abstr313 Bool)
(assert abstr313)
(declare-fun of_int2 (fpa_rounding_mode Int) t2)
(declare-fun to_int2 (fpa_rounding_mode t2) Int)
(declare-const abstr314 Bool)
(assert abstr314)
(assert (=
         (/ 179769313486231570814527423731704356798070567525844996598917476803157260780028538760589558632766878171540458953514382464234321326889464182768467546703537516986049910576551282076245490090389328944075868508455133942304583236903222948165808559332123348274797826204144723168738177180919299881250404026184124858368 1)
         (real_of_int fp64_max_int)))
(declare-const abstr315 Bool)
(assert abstr315)
(declare-const abstr316 Bool)
(assert abstr316)
(declare-const abstr317 Bool)
(assert abstr317)
(declare-const abstr318 Bool)
(assert abstr318)
(declare-const abstr319 Bool)
(assert abstr319)
(declare-const abstr320 Bool)
(assert abstr320)
(declare-const abstr321 Bool)
(assert abstr321)
(declare-const abstr322 Bool)
(assert abstr322)
(declare-const abstr323 Bool)
(assert abstr323)
(declare-const abstr324 Bool)
(assert abstr324)
(declare-const abstr325 Bool)
(assert abstr325)
(declare-const abstr326 Bool)
(assert abstr326)
(declare-const abstr327 Bool)
(assert abstr327)
(declare-const abstr328 Bool)
(assert abstr328)
(declare-const abstr329 Bool)
(assert abstr329)
(declare-const abstr330 Bool)
(assert abstr330)
(declare-const abstr331 Bool)
(assert abstr331)
(declare-const abstr332 Real)
(declare-const abstr333 Bool)
(assert (=> abstr333
         (<=
          (-
           (/ 179769313486231570814527423731704356798070567525844996598917476803157260780028538760589558632766878171540458953514382464234321326889464182768467546703537516986049910576551282076245490090389328944075868508455133942304583236903222948165808559332123348274797826204144723168738177180919299881250404026184124858368 1))
          abstr332)))
(assert (=> abstr333
         (<= abstr332
          (/ 179769313486231570814527423731704356798070567525844996598917476803157260780028538760589558632766878171540458953514382464234321326889464182768467546703537516986049910576551282076245490090389328944075868508455133942304583236903222948165808559332123348274797826204144723168738177180919299881250404026184124858368 1))))
(declare-const abstr334 Bool)
(assert abstr334)
(declare-const abstr335 Bool)
(assert abstr335)
(declare-const abstr336 Bool)
(assert abstr336)
(declare-const abstr337 Bool)
(assert abstr337)
(declare-const abstr338 Bool)
(assert abstr338)
(declare-const abstr339 Bool)
(assert abstr339)
(declare-const abstr340 Bool)
(assert abstr340)
(declare-const abstr341 Bool)
(assert abstr341)
(declare-const abstr342 Bool)
(assert abstr342)
(declare-const abstr343 Bool)
(assert abstr343)
(declare-const abstr344 Bool)
(assert abstr344)
(declare-const abstr345 Bool)
(assert abstr345)
(declare-const abstr346 Bool)
(assert abstr346)
(declare-const abstr347 Bool)
(assert abstr347)
(declare-const abstr348 Bool)
(assert abstr348)
(declare-const abstr349 Bool)
(assert abstr349)
(declare-const abstr350 Bool)
(assert abstr350)
(declare-const abstr351 Bool)
(assert abstr351)
(declare-const abstr352 Bool)
(assert abstr352)
(declare-const abstr353 Bool)
(assert abstr353)
(declare-const abstr354 Bool)
(assert abstr354)
(declare-const abstr355 Bool)
(assert abstr355)
(declare-const abstr356 Bool)
(assert abstr356)
(declare-const abstr357 Bool)
(assert abstr357)
(declare-const abstr358 Bool)
(assert abstr358)
(declare-const abstr359 Bool)
(assert abstr359)
(declare-const abstr360 Bool)
(assert abstr360)
(declare-const abstr361 Bool)
(assert abstr361)
(declare-const abstr362 Bool)
(assert abstr362)
(declare-const abstr363 Bool)
(assert abstr363)
(declare-const abstr364 Bool)
(assert abstr364)
(declare-const abstr365 Bool)
(assert abstr365)
(declare-const abstr366 Bool)
(assert abstr366)
(declare-const abstr367 Bool)
(assert abstr367)
(declare-const abstr368 Bool)
(assert abstr368)
(declare-const abstr369 Bool)
(assert abstr369)
(declare-const abstr370 Bool)
(assert abstr370)
(declare-const abstr371 Bool)
(assert abstr371)
(declare-const abstr372 Bool)
(assert abstr372)
(declare-const abstr373 Bool)
(assert abstr373)
(declare-const abstr374 Bool)
(assert abstr374)
(declare-const abstr375 Bool)
(assert abstr375)
(declare-const abstr376 Bool)
(assert abstr376)
(declare-const abstr377 Bool)
(assert abstr377)
(declare-const abstr378 Bool)
(assert abstr378)
(declare-const abstr379 Bool)
(assert abstr379)
(declare-const abstr380 Bool)
(assert abstr380)
(declare-const abstr381 Bool)
(assert abstr381)
(declare-const abstr382 Bool)
(assert abstr382)
(declare-const abstr383 Bool)
(assert abstr383)
(declare-const abstr384 Bool)
(assert abstr384)
(declare-const abstr385 Bool)
(assert abstr385)
(declare-const abstr386 Bool)
(assert abstr386)
(declare-const abstr387 Bool)
(assert abstr387)
(declare-const abstr388 Bool)
(assert abstr388)
(declare-const abstr389 Bool)
(assert abstr389)
(declare-const abstr390 Bool)
(assert abstr390)
(declare-fun is_int1 (t2) Bool)
(declare-const abstr391 Bool)
(assert abstr391)
(declare-const abstr392 Bool)
(assert abstr392)
(declare-const abstr393 Bool)
(assert abstr393)
(declare-const abstr394 Bool)
(assert abstr394)
(declare-const abstr395 Bool)
(assert abstr395)
(declare-const abstr396 Bool)
(assert abstr396)
(declare-const abstr397 Bool)
(assert abstr397)
(declare-const abstr398 Bool)
(assert abstr398)
(declare-const abstr399 Bool)
(assert abstr399)
(declare-const abstr400 Bool)
(assert abstr400)
(declare-const abstr401 Bool)
(assert abstr401)
(declare-const abstr402 Bool)
(assert abstr402)
(declare-const abstr403 Bool)
(assert abstr403)
(declare-const abstr404 Bool)
(assert abstr404)
(declare-const abstr405 Bool)
(assert abstr405)
(declare-const abstr406 Bool)
(assert abstr406)
(declare-const abstr407 Bool)
(assert abstr407)
(declare-const abstr408 Bool)
(assert abstr408)
(declare-const abstr409 Bool)
(assert abstr409)
(declare-const abstr410 Bool)
(assert abstr410)
(declare-const abstr411 Bool)
(assert abstr411)
(declare-const abstr412 Bool)
(assert abstr412)
(declare-const abstr413 Bool)
(assert abstr413)
(declare-const abstr414 Bool)
(assert abstr414)
(declare-const abstr415 Bool)
(assert abstr415)
(declare-const abstr416 Bool)
(assert abstr416)
(declare-const abstr417 Bool)
(assert abstr417)
(declare-const abstr418 Bool)
(assert abstr418)
(declare-const abstr419 Bool)
(assert abstr419)
(declare-const abstr420 Bool)
(assert abstr420)
(declare-const abstr421 Bool)
(assert abstr421)
(declare-datatype sign ((Pos) (Neg)))
(declare-fun match_sign (par (|'a|) (sign |'a| |'a|) |'a|))
(declare-const abstr422 Bool)
(assert abstr422)
(declare-const abstr423 Bool)
(assert abstr423)
(declare-fun match_sign1 (par (|'a|) (sign |'a| |'a|) |'a|))
(declare-const abstr424 Bool)
(assert abstr424)
(declare-const abstr425 Bool)
(assert abstr425)
(declare-fun match_sign2 (par (|'a|) (sign |'a| |'a|) |'a|))
(declare-const abstr426 Bool)
(assert abstr426)
(declare-const abstr427 Bool)
(assert abstr427)
(declare-sort t3 0)
(declare-fun float1 (t3) t)
(declare-fun exact (t3) Real)
(declare-fun model (t3) Real)
(declare-sort t4 0)
(declare-fun float2 (t4) t2)
(declare-fun exact1 (t4) Real)
(declare-fun model1 (t4) Real)
(declare-fun sign1 (t4) sign)
(declare-const abstr428 Bool)
(assert abstr428)
(declare-const abstr429 Bool)
(assert abstr429)
(declare-const abstr430 Bool)
(assert abstr430)
(declare-const abstr431 Bool)
(assert abstr431)
(declare-sort alloc_table 1)
(declare-sort pointer 1)
(declare-sort block 1)
(declare-fun base_block (par (|'t5|) ((pointer |'t5|)) (block |'t5|)))
(declare-fun offset_max (par (|'t5|) ((alloc_table |'t5|) (pointer |'t5|))
  Int))
(declare-fun offset_min (par (|'t5|) ((alloc_table |'t5|) (pointer |'t5|))
  Int))
(declare-fun sub_pointer (par (|'t5|) ((pointer |'t5|) (pointer |'t5|)) Int))
(declare-fun shift (par (|'t5|) ((pointer |'t5|) Int) (pointer |'t5|)))
(declare-fun null (par (|'t5|) () (pointer |'t5|)))
(declare-fun pointer_address (par (|'t5|) ((pointer |'t5|)) (pointer unit)))
(declare-fun absolute_address (Int) (pointer unit))
(declare-fun address (par (|'t5|) ((pointer |'t5|)) Int))
(declare-const abstr432 Bool)
(assert abstr432)
(declare-const abstr433 Bool)
(assert abstr433)
(declare-const abstr434 Bool)
(assert abstr434)
(declare-const abstr435 Bool)
(assert abstr435)
(declare-const abstr436 Bool)
(assert abstr436)
(declare-const abstr437 Bool)
(assert abstr437)
(declare-const abstr438 Bool)
(assert abstr438)
(declare-const abstr439 Bool)
(assert abstr439)
(declare-const abstr440 Bool)
(assert abstr440)
(declare-const abstr441 Bool)
(assert abstr441)
(declare-fun eq_pointer_bool (par (|'t5|) ((pointer |'t5|) (pointer |'t5|))
  Bool))
(declare-fun neq_pointer_bool (par (|'t5|) ((pointer |'t5|) (pointer |'t5|))
  Bool))
(declare-const abstr442 Bool)
(assert abstr442)
(declare-const abstr443 Bool)
(assert abstr443)
(declare-const abstr444 Bool)
(assert abstr444)
(declare-const abstr445 Bool)
(assert abstr445)
(declare-const abstr446 Bool)
(assert abstr446)
(declare-const abstr447 Bool)
(assert abstr447)
(declare-const abstr448 Bool)
(assert abstr448)
(declare-const abstr449 Bool)
(assert abstr449)
(declare-const abstr450 Bool)
(assert abstr450)
(declare-const abstr451 Bool)
(assert abstr451)
(declare-sort memory 2)
(declare-fun select1 (par (|'t5| |'v|) ((memory |'t5| |'v|) (pointer |'t5|))
  |'v|))
(declare-fun store1 (par (|'t5| |'v|) ((memory |'t5| |'v|) (pointer |'t5|)
  |'v|) (memory |'t5| |'v|)))
(declare-const abstr452 Bool)
(assert abstr452)
(declare-const abstr453 Bool)
(assert abstr453)
(declare-sort pset 1)
(declare-fun pset_empty (par (|'t5|) () (pset |'t5|)))
(declare-fun pset_singleton (par (|'t5|) ((pointer |'t5|)) (pset |'t5|)))
(declare-fun pset_deref (par (|'t5| |'v|) ((memory |'t5| (pointer |'v|))
  (pset |'t5|)) (pset |'v|)))
(declare-fun pset_union (par (|'t5|) ((pset |'t5|) (pset |'t5|))
  (pset |'t5|)))
(declare-fun pset_all (par (|'z|) ((pset |'z|)) (pset |'z|)))
(declare-fun pset_range (par (|'t5|) ((pset |'t5|) Int Int) (pset |'t5|)))
(declare-fun pset_range_left (par (|'z|) ((pset |'z|) Int) (pset |'z|)))
(declare-fun pset_range_right (par (|'z|) ((pset |'z|) Int) (pset |'z|)))
(declare-fun in_pset (par (|'t5|) ((pointer |'t5|) (pset |'t5|)) Bool))
(declare-fun valid_pset (par (|'t5|) ((alloc_table |'t5|) (pset |'t5|))
  Bool))
(declare-const abstr454 Bool)
(assert abstr454)
(declare-const abstr455 Bool)
(assert abstr455)
(declare-const abstr456 Bool)
(assert abstr456)
(declare-const abstr457 Bool)
(assert abstr457)
(declare-const abstr458 Bool)
(assert abstr458)
(declare-const abstr459 Bool)
(assert abstr459)
(declare-const abstr460 Bool)
(assert abstr460)
(declare-const abstr461 Bool)
(assert abstr461)
(declare-const abstr462 Bool)
(assert abstr462)
(declare-const abstr463 Bool)
(assert abstr463)
(declare-const abstr464 Bool)
(assert abstr464)
(declare-const abstr465 Bool)
(assert abstr465)
(declare-const abstr466 Bool)
(assert abstr466)
(declare-const abstr467 Bool)
(assert abstr467)
(declare-const abstr468 Bool)
(assert abstr468)
(declare-const abstr469 Bool)
(assert abstr469)
(declare-fun full_separated (par (|'t11| |'t21|) ((pointer |'t11|)
  (pointer |'t21|)) Bool))
(declare-const abstr470 Bool)
(assert abstr470)
(declare-const abstr471 Bool)
(assert abstr471)
(declare-const abstr472 Bool)
(assert abstr472)
(declare-const abstr473 Bool)
(assert abstr473)
(declare-sort tag_table 1)
(declare-sort tag_id 1)
(declare-fun int_of_tag (par (|'t5|) ((tag_id |'t5|)) Int))
(declare-fun typeof (par (|'t5|) ((tag_table |'t5|) (pointer |'t5|))
  (tag_id |'t5|)))
(declare-fun parenttag (par (|'t5|) ((tag_id |'t5|) (tag_id |'t5|)) Bool))
(declare-fun subtag (par (|'t5|) ((tag_id |'t5|) (tag_id |'t5|)) Bool))
(declare-fun subtag_bool (par (|'t5|) ((tag_id |'t5|) (tag_id |'t5|)) Bool))
(declare-const abstr474 Bool)
(assert abstr474)
(declare-const abstr475 Bool)
(assert abstr475)
(declare-const abstr476 Bool)
(assert abstr476)
(declare-fun downcast (par (|'t5|) ((tag_table |'t5|) (pointer |'t5|)
  (tag_id |'t5|)) (pointer |'t5|)))
(declare-const abstr477 Bool)
(assert abstr477)
(declare-fun bottom_tag (par (|'a|) () (tag_id |'a|)))
(declare-const abstr478 Bool)
(assert abstr478)
(declare-const abstr479 Bool)
(assert abstr479)
(declare-fun bw_compl (Int) Int)
(declare-fun bw_and1 (Int Int) Int)
(declare-const abstr480 Bool)
(assert abstr480)
(declare-fun bw_xor1 (Int Int) Int)
(declare-fun bw_or1 (Int Int) Int)
(declare-fun lsl1 (Int Int) Int)
(declare-const abstr481 Bool)
(assert abstr481)
(declare-const abstr482 Bool)
(assert abstr482)
(declare-fun lsr1 (Int Int) Int)
(declare-const abstr483 Bool)
(assert abstr483)
(declare-const abstr484 Bool)
(assert abstr484)
(declare-fun asr1 (Int Int) Int)
(declare-const abstr485 Bool)
(assert abstr485)
(declare-const abstr486 Bool)
(assert abstr486)
(declare-const abstr487 Bool)
(assert abstr487)
(declare-const abstr488 Bool)
(assert abstr488)
(declare-const abstr489 Bool)
(assert abstr489)
(declare-fun alloc_extends (par (|'t5|) ((alloc_table |'t5|)
  (alloc_table |'t5|)) Bool))
(declare-const abstr490 Bool)
(assert abstr490)
(declare-const abstr491 Bool)
(assert abstr491)
(declare-const abstr492 Bool)
(assert abstr492)
(declare-fun alloc_extends_except (par (|'t5|) ((alloc_table |'t5|)
  (alloc_table |'t5|) (pset |'t5|)) Bool))
(declare-const abstr493 Bool)
(assert abstr493)
(declare-const abstr494 Bool)
(assert abstr494)
(declare-sort mybag 1)
(declare-fun in_mybag (par (|'a|) (|'a| (mybag |'a|)) Bool))
(declare-fun disj_mybag (par (|'a|) ((mybag |'a|) (mybag |'a|)) Bool))
(declare-const abstr495 Bool)
(assert abstr495)
(declare-fun sub_mybag (par (|'a|) ((mybag |'a|) (mybag |'a|)) Bool))
(declare-const abstr496 Bool)
(assert abstr496)
(declare-const abstr497 Bool)
(assert abstr497)
(declare-const abstr498 Bool)
(assert abstr498)
(declare-const abstr499 Bool)
(assert abstr499)
(declare-fun frame_between (par (|'a| |'b|) ((mybag (pointer |'a|))
  (memory |'a| |'b|) (memory |'a| |'b|)) Bool))
(declare-const abstr500 Bool)
(assert abstr500)
(declare-const abstr501 Bool)
(assert abstr501)
(declare-const abstr502 Bool)
(assert abstr502)
(declare-const abstr503 Bool)
(assert abstr503)
(declare-const abstr504 Bool)
(assert abstr504)
(declare-const abstr505 Bool)
(assert abstr505)
(declare-const abstr506 Bool)
(assert abstr506)
(declare-sort charP 0)
(declare-sort int8 0)
(declare-sort padding 0)
(declare-sort uint8 0)
(declare-sort unsigned_charP 0)
(declare-sort voidP 0)
(declare-const charP_tag (tag_id charP))
(declare-const abstr507 Int)
(assert (= abstr507 1))
(declare-fun charP_of_pointer_address ((pointer unit)) (pointer charP))
(declare-const abstr508 Bool)
(assert abstr508)
(declare-const abstr509 Bool)
(assert abstr509)
(declare-const abstr510 Bool)
(assert abstr510)
(declare-fun integer_of_int8 (int8) Int)
(declare-fun integer_of_uint8 (uint8) Int)
(declare-fun int8_of_integer (Int) int8)
(declare-const abstr511 Bool)
(assert abstr511)
(declare-const abstr512 Bool)
(assert abstr512)
(declare-const abstr513 Bool)
(assert abstr513)
(declare-const abstr514 Bool)
(assert abstr514)
(declare-fun unsigned_charP_of_pointer_address ((pointer unit))
  (pointer unsigned_charP))
(declare-const abstr515 Bool)
(assert abstr515)
(declare-fun voidP_of_pointer_address ((pointer unit)) (pointer voidP))
(declare-const abstr516 Bool)
(assert abstr516)
(declare-fun uint8_of_integer (Int) uint8)
(declare-const abstr517 Bool)
(assert abstr517)
(declare-const abstr518 Bool)
(assert abstr518)
(declare-const abstr519 Bool)
(assert abstr519)
(declare-const unsigned_charP_tag (tag_id unsigned_charP))
(declare-const abstr520 Int)
(assert (= abstr520 1))
(declare-const abstr521 Bool)
(assert abstr521)
(declare-const abstr522 Bool)
(assert abstr522)
(declare-const abstr523 Bool)
(assert abstr523)
(declare-const voidP_tag (tag_id voidP))
(declare-const abstr524 Int)
(assert (= abstr524 1))
(declare-const abstr525 Bool)
(assert abstr525)
(declare-const abstr526 Bool)
(assert abstr526)
(declare-const abstr527 Bool)
(assert abstr527)
(declare-datatype ref (par (|'a|) ((ref (mk_ref_proj_1 |'a|)))))
(declare-const abstr528 Bool)
(declare-const abstr529 Bool)
(declare-const abstr530 Bool)
(declare-const abstr531 Bool)
(assert abstr531)
(declare-const abstr532 Bool)
(assert abstr532)
(declare-const abstr533 Bool)
(assert abstr533)
(declare-const abstr534 Bool)
(assert abstr534)
(declare-const abstr535 Bool)
(assert abstr535)
(declare-const abstr536 Bool)
(assert abstr536)
(declare-const abstr537 Bool)
(assert abstr537)
(declare-const abstr538 Bool)
(assert abstr538)
(declare-const abstr539 Bool)
(assert abstr539)
(declare-const abstr540 Bool)
(assert abstr540)
(declare-const abstr541 Bool)
(assert abstr541)
(declare-const abstr542 Bool)
(assert abstr542)
(declare-const abstr543 Bool)
(assert abstr543)
(declare-const abstr544 Bool)
(assert abstr544)
(declare-const x_0 t3)
(declare-const abstr545 Bool)
(assert abstr545)
(declare-const abstr546 Real)
(assert (=> abstr545
         (<= (- (/ 340282346638528859811704183484516925440 1)) abstr546)))
(assert (=> abstr545
         (<= abstr546 (/ 340282346638528859811704183484516925440 1))))
(assert (<= (abs_real abstr546) (/ 1 32)))
(declare-const abstr547 Real)
(assert (<= (abs_real (- 1.0 (* abstr546 abstr546 0.5) abstr547))
         (/ 1 16777216)))
(declare-const o t3)
(declare-const abstr548 Bool)
(assert abstr548)
(declare-const abstr549 Real)
(assert (=> abstr548
         (<= (- (/ 340282346638528859811704183484516925440 1)) abstr549)))
(assert (=> abstr548
         (<= abstr549 (/ 340282346638528859811704183484516925440 1))))
(assert (= abstr549 0.5))
(declare-const abstr550 Real)
(assert (= abstr550 0.5))
(declare-const abstr551 Real)
(assert (= abstr551 0.5))
(declare-const o1 t3)
(declare-const abstr552 Bool)
(assert abstr552)
(declare-const abstr553 Real)
(assert (=> abstr552
         (<= (- (/ 340282346638528859811704183484516925440 1)) abstr553)))
(assert (=> abstr552
         (<= abstr553 (/ 340282346638528859811704183484516925440 1))))
(declare-const abstr554 Real)
(declare-const abstr555 Bool)
(assert (=> abstr555
         (<= (- (/ 340282346638528859811704183484516925440 1)) abstr554)))
(assert (=> abstr555
         (<= abstr554 (/ 340282346638528859811704183484516925440 1))))
(assert (=> abstr545 abstr545
         (<= (- (/ 340282346638528859811704183484516925440 1))
          (float32 NearestTiesToEven (* abstr546 abstr546))
          (/ 340282346638528859811704183484516925440 1)) abstr555))
(assert (=> abstr545 abstr545
         (<= (- (/ 340282346638528859811704183484516925440 1))
          (float32 NearestTiesToEven (* abstr546 abstr546))
          (/ 340282346638528859811704183484516925440 1))
         (= abstr554 (float32 NearestTiesToEven (* abstr546 abstr546)))))
(declare-const abstr556 t)
(declare-const abstr557 t)
(assert (= abstr556 abstr557))
(declare-const abstr558 Real)
(declare-const abstr559 Real)
(assert (= abstr558 (* abstr559 abstr559)))
(declare-const abstr560 Real)
(declare-const abstr561 Real)
(assert (= abstr560 (* abstr561 abstr561)))
(declare-const o2 t3)
(declare-const abstr562 Bool)
(assert abstr562)
(declare-const abstr563 Real)
(assert (=> abstr562
         (<= (- (/ 340282346638528859811704183484516925440 1)) abstr563)))
(assert (=> abstr562
         (<= abstr563 (/ 340282346638528859811704183484516925440 1))))
(declare-const abstr564 Real)
(declare-const abstr565 Bool)
(assert (=> abstr565
         (<= (- (/ 340282346638528859811704183484516925440 1)) abstr564)))
(assert (=> abstr565
         (<= abstr564 (/ 340282346638528859811704183484516925440 1))))
(assert (=> abstr555 abstr548
         (<= (- (/ 340282346638528859811704183484516925440 1))
          (float32 NearestTiesToEven (* abstr554 abstr549))
          (/ 340282346638528859811704183484516925440 1)) abstr565))
(assert (=> abstr555 abstr548
         (<= (- (/ 340282346638528859811704183484516925440 1))
          (float32 NearestTiesToEven (* abstr554 abstr549))
          (/ 340282346638528859811704183484516925440 1))
         (= abstr564 (float32 NearestTiesToEven (* abstr554 abstr549)))))
(declare-const abstr566 t)
(declare-const abstr567 t)
(assert (= abstr566 abstr567))
(declare-const abstr568 Real)
(assert (= abstr568 (* abstr559 abstr559 0.5)))
(declare-const abstr569 Real)
(assert (= abstr569 (* abstr561 abstr561 0.5)))
(declare-const o3 t3)
(declare-const abstr570 Bool)
(assert abstr570)
(declare-const abstr571 Real)
(assert (=> abstr570
         (<= (- (/ 340282346638528859811704183484516925440 1)) abstr571)))
(assert (=> abstr570
         (<= abstr571 (/ 340282346638528859811704183484516925440 1))))
(assert (= abstr571 1.0))
(declare-const abstr572 Real)
(assert (= abstr572 1.0))
(declare-const abstr573 Real)
(assert (= abstr573 1.0))
(declare-const o4 t3)
(declare-const abstr574 Bool)
(assert abstr574)
(declare-const abstr575 Real)
(assert (=> abstr574
         (<= (- (/ 340282346638528859811704183484516925440 1)) abstr575)))
(assert (=> abstr574
         (<= abstr575 (/ 340282346638528859811704183484516925440 1))))
(declare-const abstr576 Real)
(declare-const abstr577 Bool)
(assert (=> abstr577
         (<= (- (/ 340282346638528859811704183484516925440 1)) abstr576)))
(assert (=> abstr577
         (<= abstr576 (/ 340282346638528859811704183484516925440 1))))
(assert (=> abstr570 abstr565
         (<= (- (/ 340282346638528859811704183484516925440 1))
          (float32 NearestTiesToEven (- abstr571 abstr564))
          (/ 340282346638528859811704183484516925440 1)) abstr577))
(assert (=> abstr570 abstr565
         (<= (- (/ 340282346638528859811704183484516925440 1))
          (float32 NearestTiesToEven (- abstr571 abstr564))
          (/ 340282346638528859811704183484516925440 1))
         (= abstr576 (float32 NearestTiesToEven (- abstr571 abstr564)))))
(declare-const abstr578 t)
(declare-const abstr579 t)
(assert (= abstr578 abstr579))
(declare-const abstr580 Real)
(assert (= abstr580 (- 1.0 (* abstr559 abstr559 0.5))))
(declare-const abstr581 Real)
(assert (= abstr581 (- 1.0 (* abstr561 abstr561 0.5))))
(push 1)
(assert (not (<= (abs_real (- abstr576 abstr547)) (/ 1 8388608))))
(check-sat)
(pop 1)
(exit)
