File "tests/typing/errors/dumb_poly/nullary_symbol.smt2", line 3, character 31-34:
3 | (assert (= (as nil (list Int)) nil))
                                   ^^^
Fatal Warning This term has type
                list(_)
              which contains the following free variable
                `_`, the 1st implicit type argument to provide to the
                     polymorphic application at line 3, character 31-34
              This is not allowed because the SMT-LIB enforces seriously
              limiting constraints on type inference, which are particularly
              surprising and annoying in the context of polymorphism and
              higher-order.
